
> quibish@0.1.0 build
> cross-env PUBLIC_URL=. GENERATE_SOURCEMAP=false INLINE_RUNTIME_CHUNK=false react-scripts build && node scripts/verify-build-urls.js

node.exe : [baseline-browser-mapping] The data in this module is over two 
months old.  To ensure accurate Baseline data, please update: `npm i 
baseline-browser-mapping@latest -D`
At line:1 char:1
+ & "C:\Program Files\nodejs/node.exe" "C:\Users\colin\AppData\Roaming\ ...
+ ~~~~~~~~~~~~~~~~~~~~~~~~~~~~~~~~~~~~~~~~~~~~~~~~~~~~~~~~~~~~~~~~~~~~~
    + CategoryInfo          : NotSpecified: ([baseline-brows...ping@latest -D` 
   :String) [], RemoteException
    + FullyQualifiedErrorId : NativeCommandError
 
Creating an optimized production build...
Browserslist: browsers data (caniuse-lite) is 9 months old. Please run:
  npx update-browserslist-db@latest
  Why you should do it regularly: 
https://github.com/browserslist/update-db#readme
[baseline-browser-mapping] The data in this module is over two months old.  To 
ensure accurate Baseline data, please update: `npm i 
baseline-browser-mapping@latest -D`
Browserslist: browsers data (caniuse-lite) is 9 months old. Please run:
  npx update-browserslist-db@latest
  Why you should do it regularly: 
https://github.com/browserslist/update-db#readme
Compiled with warnings.

[eslint] 
src\components\Home\ProChat.js
  Line 110:6:    React Hook useEffect has a missing dependency: 'debugLog'. Either include it or remove the dependency array                                                                                                                                         react-hooks/exhaustive-deps
  Line 214:23:   'setGroupByDate' is assigned a value but never used                                                                                                                                                                                                 no-unused-vars
  Line 217:10:   'batchSelectMode' is assigned a value but never used                                                                                                                                                                                                no-unused-vars
  Line 219:10:   'hoveredConversation' is assigned a value but never used                                                                                                                                                                                            no-unused-vars
  Line 219:31:   'setHoveredConversation' is assigned a value but never used                                                                                                                                                                                         no-unused-vars
  Line 228:10:   'unreadNotificationCount' is assigned a value but never used                                                                                                                                                                                        no-unused-vars
  Line 292:10:   'encryptionStatus' is assigned a value but never used                                                                                                                                                                                               no-unused-vars
  Line 576:6:    React Hook useLayoutEffect has a missing dependency: 'debugLog'. Either include it or remove the dependency array                                                                                                                                   react-hooks/exhaustive-deps
  Line 649:6:    React Hook useEffect has a missing dependency: 'debugLog'. Either include it or remove the dependency array                                                                                                                                         react-hooks/exhaustive-deps
  Line 731:6:    React Hook useEffect has a missing dependency: 'selectedConversation'. Either include it or remove the dependency array                                                                                                                             react-hooks/exhaustive-deps
  Line 801:6:    React Hook useEffect has a missing dependency: 'debugLog'. Either include it or remove the dependency array                                                                                                                                         react-hooks/exhaustive-deps
  Line 831:6:    React Hook useEffect has a missing dependency: 'debugLog'. Either include it or remove the dependency array                                                                                                                                         react-hooks/exhaustive-deps
  Line 910:41:   'messageId' is assigned a value but never used                                                                                                                                                                                                      no-unused-vars
  Line 937:6:    React Hook useEffect has a missing dependency: 'debugLog'. Either include it or remove the dependency array                                                                                                                                         react-hooks/exhaustive-deps
  Line 1099:6:   React Hook useCallback has an unnecessary dependency: 'messageService'. Either exclude it or remove the dependency array. Outer scope values like 'messageService' aren't valid dependencies because mutating them doesn't re-render the component  react-hooks/exhaustive-deps
  Line 1112:9:   'handleToggleSearchMode' is assigned a value but never used                                                                                                                                                                                         no-unused-vars
  Line 1200:9:   'handleDragStart' is assigned a value but never used                                                                                                                                                                                                no-unused-vars
  Line 1207:9:   'handleDragOver' is assigned a value but never used                                                                                                                                                                                                 no-unused-vars
  Line 1212:9:   'handleDrop' is assigned a value but never used                                                                                                                                                                                                     no-unused-vars
  Line 1230:9:   'handleDragEnd' is assigned a value but never used                                                                                                                                                                                                  no-unused-vars
  Line 1235:9:   'handleContextMenu' is assigned a value but never used                                                                                                                                                                                              no-unused-vars
  Line 1267:9:   'handleArchiveConversation' is assigned a value but never used                                                                                                                                                                                      no-unused-vars
  Line 1286:9:   'handleMarkAsRead' is assigned a value but never used                                                                                                                                                                                               no-unused-vars
  Line 1295:9:   'toggleBatchSelect' is assigned a value but never used                                                                                                                                                                                              no-unused-vars
  Line 1300:9:   'handleBatchToggle' is assigned a value but never used                                                                                                                                                                                              no-unused-vars
  Line 1312:9:   'handleBatchMarkRead' is assigned a value but never used                                                                                                                                                                                            no-unused-vars
  Line 1322:9:   'handleBatchArchive' is assigned a value but never used                                                                                                                                                                                             no-unused-vars
  Line 1332:9:   'handleBatchDelete' is assigned a value but never used                                                                                                                                                                                              no-unused-vars
  Line 1359:9:   'handleCreateGroup' is assigned a value but never used                                                                                                                                                                                              no-unused-vars
  Line 1609:6:   React Hook useCallback has missing dependencies: 'handleFileChange' and 'handleSendMessage'. Either include them or remove the dependency array                                                                                                     react-hooks/exhaustive-deps
  Line 1647:6:   React Hook useCallback has a missing dependency: 'handleSendMessage'. Either include it or remove the dependency array                                                                                                                              react-hooks/exhaustive-deps
  Line 1838:11:  'printContent' is assigned a value but never used                                                                                                                                                                                                   no-unused-vars
  Line 2013:9:   'startRecording' is assigned a value but never used                                                                                                                                                                                                 no-unused-vars
  Line 2018:9:   'stopRecording' is assigned a value but never used                                                                                                                                                                                                  no-unused-vars
  Line 2119:9:   'groupedConversations' is assigned a value but never used                                                                                                                                                                                           no-unused-vars
  Line 2248:7:   Expected a default case                                                                                                                                                                                                                             default-case
  Line 2614:9:   'handleDeleteMessage' is assigned a value but never used                                                                                                                                                                                            no-unused-vars
  Line 3151:6:   React Hook useEffect has missing dependencies: 'handleCloseVideoLightbox' and 'videoLightboxModal.open'. Either include them or remove the dependency array                                                                                         react-hooks/exhaustive-deps
  Line 3215:6:   React Hook useCallback has a missing dependency: 'startEnhancedVoiceCall'. Either include it or remove the dependency array                                                                                                                         react-hooks/exhaustive-deps
  Line 3398:13:  'handleEndVoiceCall' was used before it was defined                                                                                                                                                                                                 no-use-before-define
  Line 3563:6:   React Hook useMemo has unnecessary dependencies: 'handleEndCall', 'handleToggleMinimize', and 'videoCallState'. Either exclude them or remove the dependency array                                                                                  react-hooks/exhaustive-deps
  Line 3572:6:   React Hook useMemo has unnecessary dependencies: 'handleEndVoiceCall', 'handleToggleVoiceMinimize', and 'voiceCallState'. Either exclude them or remove the dependency array                                                                        react-hooks/exhaustive-deps
  Line 3575:9:   'getSmartPreview' is assigned a value but never used                                                                                                                                                                                                no-unused-vars

src\services\voiceCallConnectionMonitor.js
  Line 157:5:  Expected a default case  default-case
  Line 209:5:  Expected a default case  default-case

Search for the keywords to learn more about each warning.
To ignore, add // eslint-disable-next-line to the line before.

File sizes after gzip:

  274.66 kB  build\static\js\main.896b6f13.js
  115.98 kB  build\static\css\main.dcdf7e20.css
  1.7 kB     build\static\js\37.e7c141c4.chunk.js
  1.13 kB    build\static\js\308.5891ed96.chunk.js

The project was built assuming it is hosted at ./.
You can control this with the homepage field in your package.json.

The build folder is ready to be deployed.

Find out more about deployment here:

  https://cra.link/deployment

Build verification passed: no localhost/0.0.0.0 asset URLs in build/index.html
