
> quibish@0.1.0 build
> react-scripts build

Creating an optimized production build...
Compiled with warnings.

[eslint] 
src\App.js
  Line 2:38:   'lazy' is defined but never used                                                                         no-unused-vars
  Line 15:8:   'SplashScreen' is defined but never used                                                                 no-unused-vars
  Line 23:10:  'AuthProvider' is defined but never used                                                                 no-unused-vars
  Line 39:43:  'authLoading' is assigned a value but never used                                                         no-unused-vars
  Line 42:9:   'defaultUser' is assigned a value but never used                                                         no-unused-vars
  Line 75:10:  'appInitialized' is assigned a value but never used                                                      no-unused-vars
  Line 160:6:  React Hook useEffect has a missing dependency: 'user'. Either include it or remove the dependency array  react-hooks/exhaustive-deps

src\components\Home\ConnectionManager.js
  Line 43:9:    'networkMonitorRef' is assigned a value but never used                                                                                                                                                             no-unused-vars
  Line 45:9:    'speedTestRef' is assigned a value but never used                                                                                                                                                                  no-unused-vars
  Line 142:9:   The 'performNetworkSpeedTest' function makes the dependencies of useEffect Hook (at line 505) change on every render. To fix this, wrap the definition of 'performNetworkSpeedTest' in its own useCallback() Hook  react-hooks/exhaustive-deps
  Line 211:54:  'latency' is assigned a value but never used                                                                                                                                                                       no-unused-vars
  Line 211:63:  'bandwidth' is assigned a value but never used                                                                                                                                                                     no-unused-vars
  Line 378:6:   React Hook useCallback has a missing dependency: 'attemptReconnection'. Either include it or remove the dependency array                                                                                           react-hooks/exhaustive-deps
  Line 563:9:   'formatDataUsage' is assigned a value but never used                                                                                                                                                               no-unused-vars

src\components\Home\ProChat.js
  Line 2:8:     'ProfileSettings' is defined but never used            no-unused-vars
  Line 140:25:  'setConversations' is assigned a value but never used  no-unused-vars
  Line 148:10:  'isLoading' is assigned a value but never used         no-unused-vars
  Line 148:21:  'setIsLoading' is assigned a value but never used      no-unused-vars
  Line 456:9:   'ProHeader' is assigned a value but never used         no-unused-vars

src\components\Login.js
  Line 61:9:    'handleDemoLogin' is assigned a value but never used                                                                                                                                                                                                                                                                                                               no-unused-vars
  Line 258:13:  The href attribute requires a valid value to be accessible. Provide a valid, navigable address as the href value. If you cannot provide a valid href, but still need the element to resemble a link, use a button and change it with appropriate styles. Learn more: https://github.com/jsx-eslint/eslint-plugin-jsx-a11y/blob/HEAD/docs/rules/anchor-is-valid.md  jsx-a11y/anchor-is-valid

src\components\UI\DynamicSplashScreen.js
  Line 21:9:   'canvasRef' is assigned a value but never used                                                                    no-unused-vars
  Line 111:6:  React Hook useEffect has a missing dependency: 'loadingStates'. Either include it or remove the dependency array  react-hooks/exhaustive-deps

src\components\UI\EnhancedSearch.js
  Line 125:5:  Expected a default case  default-case

src\services\VersionService.js
  Line 117:1:  Assign object to a variable before exporting as module default  import/no-anonymous-default-export

src\services\apiClient.js
  Line 8:7:     'legacyConnectionManager' is assigned a value but never used    no-unused-vars
  Line 1185:1:  Assign object to a variable before exporting as module default  import/no-anonymous-default-export

src\services\searchService.js
  Line 570:1:  Assign object to a variable before exporting as module default  import/no-anonymous-default-export

Search for the keywords to learn more about each warning.
To ignore, add // eslint-disable-next-line to the line before.

File sizes after gzip:

  165.71 kB          build\static\js\main.041226bb.js
  33.14 kB (+183 B)  build\static\css\main.cf03504f.css
  1.76 kB            build\static\js\453.19de758c.chunk.js

The project was built assuming it is hosted at /.
You can control this with the homepage field in your package.json.

The build folder is ready to be deployed.
You may serve it with a static server:

  serve -s build

Find out more about deployment here:

  https://cra.link/deployment

